interactions:
- request:
    body: '{"name": "J8O0OPGS08_2"}'
    headers:
      Accept:
      - application/json
      Accept-Encoding:
      - gzip, deflate, br
      Connection:
      - keep-alive
      Content-Length:
      - '24'
      Content-Type:
      - application/json
      User-Agent:
      - python-requests/2.28.1
      authorization:
      - DUMMY
    method: POST
    uri: https://api.adsabs.harvard.edu/v1//biblib/libraries
  response:
    body:
      string: '{"name": "J8O0OPGS08_2", "id": "XUj58USqRhGqKqn6JdTNaQ", "description":
        "My ADS library"}

        '
    headers:
      Access-Control-Allow-Credentials:
      - 'true'
      Access-Control-Allow-Headers:
      - Accept, Authorization, Content-Type, Orcid-Authorization, X-BB-Api-Client-Version,
        X-CSRFToken
      Access-Control-Allow-Methods:
      - DELETE, GET, OPTIONS, POST, PUT
      Access-Control-Allow-Origin:
      - http://0.0.0.0:8000, http://adsabs.harvard.edu, http://adsx.cfa.harvard.edu:8888,
        http://hourly.adslabs.org, http://localhost:8000, http://ui.adsabs.harvard.edu,
        http://ui.adslabs.org, https://arxiv.org, https://beta.arxiv.org, https://demo.adsabs.harvard.edu,
        https://dev.adsabs.harvard.edu, https://devui.adsabs.harvard.edu, https://experimental-bumblebee.us-east-1.elasticbeanstalk.com,
        https://prod.adsabs.harvard.edu, https://staging-bumblebee.elasticbeanstalk.com,
        https://staging-bumblebee.us-east-1.elasticbeanstalk.com, https://ui.adsabs.harvard.edu
      Connection:
      - keep-alive
      Content-Length:
      - '90'
      Content-Type:
      - application/json
      Date:
      - Tue, 17 Jan 2023 14:25:58 GMT
      Set-Cookie: DUMMY
      Vary:
      - Origin
    status:
      code: 200
      message: OK
- request:
    body: null
    headers:
      Accept:
      - '*/*'
      Accept-Encoding:
      - gzip, deflate, br
      Connection:
      - keep-alive
      User-Agent:
      - python-requests/2.28.1
      authorization:
      - DUMMY
    method: GET
    uri: https://api.adsabs.harvard.edu/v1//biblib/libraries/XUj58USqRhGqKqn6JdTNaQ/?start=0
  response:
    body:
      string: '{"documents": [], "solr": {"responseHeader": {"status": 0, "QTime":
        0, "params": {"q": "*:*", "fl": "bibcode,alternate_bibcode", "start": "0",
        "internal_logging_params": "X-Amzn-Trace-Id=Root=1-63c6aff6-55ee6cfc45e4e7900903f141",
        "fq": "{!bitset}", "sort": "date desc", "rows": "20", "wt": "json"}}, "response":
        {"numFound": 0, "start": 0, "docs": []}}, "metadata": {"name": "J8O0OPGS08_2",
        "id": "XUj58USqRhGqKqn6JdTNaQ", "description": "My ADS library", "num_documents":
        0, "date_created": "2023-01-17T14:25:58.161108", "date_last_modified": "2023-01-17T14:25:58.161114",
        "permission": "owner", "public": false, "num_users": 1, "owner": "robert.j.farmer37"},
        "updates": {"num_updated": 0, "duplicates_removed": 0, "update_list": []}}

        '
    headers:
      Access-Control-Allow-Credentials:
      - 'true'
      Access-Control-Allow-Headers:
      - Accept, Authorization, Content-Type, Orcid-Authorization, X-BB-Api-Client-Version,
        X-CSRFToken
      Access-Control-Allow-Methods:
      - DELETE, GET, OPTIONS, POST, PUT
      Access-Control-Allow-Origin:
      - http://0.0.0.0:8000, http://adsabs.harvard.edu, http://adsx.cfa.harvard.edu:8888,
        http://hourly.adslabs.org, http://localhost:8000, http://ui.adsabs.harvard.edu,
        http://ui.adslabs.org, https://arxiv.org, https://beta.arxiv.org, https://demo.adsabs.harvard.edu,
        https://dev.adsabs.harvard.edu, https://devui.adsabs.harvard.edu, https://experimental-bumblebee.us-east-1.elasticbeanstalk.com,
        https://prod.adsabs.harvard.edu, https://staging-bumblebee.elasticbeanstalk.com,
        https://staging-bumblebee.us-east-1.elasticbeanstalk.com, https://ui.adsabs.harvard.edu
      Connection:
      - keep-alive
      Content-Length:
      - '736'
      Content-Type:
      - application/json
      Date:
      - Tue, 17 Jan 2023 14:26:02 GMT
      Retry-After:
      - '84799'
      Set-Cookie: DUMMY
      Vary:
      - Origin
      X-RateLimit-Limit:
      - '5000'
      X-RateLimit-Remaining:
      - '4708'
      X-RateLimit-Reset:
      - '1674050362'
    status:
      code: 200
      message: OK
- request:
    body: '{"action": "add", "bibcode": ["2021ApJ...923..214F"]}'
    headers:
      Accept:
      - application/json
      Accept-Encoding:
      - gzip, deflate, br
      Connection:
      - keep-alive
      Content-Length:
      - '53'
      Content-Type:
      - application/json
      User-Agent:
      - python-requests/2.28.1
      authorization:
      - DUMMY
    method: POST
    uri: https://api.adsabs.harvard.edu/v1//biblib/documents/XUj58USqRhGqKqn6JdTNaQ
  response:
    body:
      string: '{"number_added": 1}

        '
    headers:
      Access-Control-Allow-Credentials:
      - 'true'
      Access-Control-Allow-Headers:
      - Accept, Authorization, Content-Type, Orcid-Authorization, X-BB-Api-Client-Version,
        X-CSRFToken
      Access-Control-Allow-Methods:
      - DELETE, GET, OPTIONS, POST, PUT
      Access-Control-Allow-Origin:
      - http://0.0.0.0:8000, http://adsabs.harvard.edu, http://adsx.cfa.harvard.edu:8888,
        http://hourly.adslabs.org, http://localhost:8000, http://ui.adsabs.harvard.edu,
        http://ui.adslabs.org, https://arxiv.org, https://beta.arxiv.org, https://demo.adsabs.harvard.edu,
        https://dev.adsabs.harvard.edu, https://devui.adsabs.harvard.edu, https://experimental-bumblebee.us-east-1.elasticbeanstalk.com,
        https://prod.adsabs.harvard.edu, https://staging-bumblebee.elasticbeanstalk.com,
        https://staging-bumblebee.us-east-1.elasticbeanstalk.com, https://ui.adsabs.harvard.edu
      Connection:
      - keep-alive
      Content-Length:
      - '20'
      Content-Type:
      - application/json
      Date:
      - Tue, 17 Jan 2023 14:26:02 GMT
      Set-Cookie: DUMMY
      Vary:
      - Origin
    status:
      code: 200
      message: OK
- request:
    body: null
    headers:
      Accept:
      - '*/*'
      Accept-Encoding:
      - gzip, deflate, br
      Connection:
      - keep-alive
      User-Agent:
      - python-requests/2.28.1
      authorization:
      - DUMMY
    method: GET
    uri: https://api.adsabs.harvard.edu/v1//biblib/libraries/XUj58USqRhGqKqn6JdTNaQ/?start=0
  response:
    body:
      string: '{"documents": ["2021ApJ...923..214F"], "solr": {"responseHeader": {"status":
        0, "QTime": 2, "params": {"q": "*:*", "fl": "bibcode,alternate_bibcode", "start":
        "0", "internal_logging_params": "X-Amzn-Trace-Id=Root=1-63c6affb-3b55ccb11f9a88df5cfa8e3e",
        "fq": "{!bitset}", "sort": "date desc", "rows": "20", "wt": "json"}}, "response":
        {"numFound": 1, "start": 0, "docs": [{"bibcode": "2021ApJ...923..214F", "alternate_bibcode":
        ["2021arXiv211004131F"]}]}}, "metadata": {"name": "J8O0OPGS08_2", "id": "XUj58USqRhGqKqn6JdTNaQ",
        "description": "My ADS library", "num_documents": 1, "date_created": "2023-01-17T14:25:58.161108",
        "date_last_modified": "2023-01-17T14:26:02.747541", "permission": "owner",
        "public": false, "num_users": 1, "owner": "robert.j.farmer37"}, "updates":
        {"num_updated": 0, "duplicates_removed": 0, "update_list": []}}

        '
    headers:
      Access-Control-Allow-Credentials:
      - 'true'
      Access-Control-Allow-Headers:
      - Accept, Authorization, Content-Type, Orcid-Authorization, X-BB-Api-Client-Version,
        X-CSRFToken
      Access-Control-Allow-Methods:
      - DELETE, GET, OPTIONS, POST, PUT
      Access-Control-Allow-Origin:
      - http://0.0.0.0:8000, http://adsabs.harvard.edu, http://adsx.cfa.harvard.edu:8888,
        http://hourly.adslabs.org, http://localhost:8000, http://ui.adsabs.harvard.edu,
        http://ui.adslabs.org, https://arxiv.org, https://beta.arxiv.org, https://demo.adsabs.harvard.edu,
        https://dev.adsabs.harvard.edu, https://devui.adsabs.harvard.edu, https://experimental-bumblebee.us-east-1.elasticbeanstalk.com,
        https://prod.adsabs.harvard.edu, https://staging-bumblebee.elasticbeanstalk.com,
        https://staging-bumblebee.us-east-1.elasticbeanstalk.com, https://ui.adsabs.harvard.edu
      Connection:
      - keep-alive
      Content-Length:
      - '837'
      Content-Type:
      - application/json
      Date:
      - Tue, 17 Jan 2023 14:26:03 GMT
      Retry-After:
      - '84797'
      Set-Cookie: DUMMY
      Vary:
      - Origin
      X-RateLimit-Limit:
      - '5000'
      X-RateLimit-Remaining:
      - '4707'
      X-RateLimit-Reset:
      - '1674050361'
    status:
      code: 200
      message: OK
- request:
    body: '{"action": "remove", "bibcode": ["2021ApJ...923..214F"]}'
    headers:
      Accept:
      - application/json
      Accept-Encoding:
      - gzip, deflate, br
      Connection:
      - keep-alive
      Content-Length:
      - '56'
      Content-Type:
      - application/json
      User-Agent:
      - python-requests/2.28.1
      authorization:
      - DUMMY
    method: POST
    uri: https://api.adsabs.harvard.edu/v1//biblib/documents/XUj58USqRhGqKqn6JdTNaQ
  response:
    body:
      string: '{"number_removed": 1}

        '
    headers:
      Access-Control-Allow-Credentials:
      - 'true'
      Access-Control-Allow-Headers:
      - Accept, Authorization, Content-Type, Orcid-Authorization, X-BB-Api-Client-Version,
        X-CSRFToken
      Access-Control-Allow-Methods:
      - DELETE, GET, OPTIONS, POST, PUT
      Access-Control-Allow-Origin:
      - http://0.0.0.0:8000, http://adsabs.harvard.edu, http://adsx.cfa.harvard.edu:8888,
        http://hourly.adslabs.org, http://localhost:8000, http://ui.adsabs.harvard.edu,
        http://ui.adslabs.org, https://arxiv.org, https://beta.arxiv.org, https://demo.adsabs.harvard.edu,
        https://dev.adsabs.harvard.edu, https://devui.adsabs.harvard.edu, https://experimental-bumblebee.us-east-1.elasticbeanstalk.com,
        https://prod.adsabs.harvard.edu, https://staging-bumblebee.elasticbeanstalk.com,
        https://staging-bumblebee.us-east-1.elasticbeanstalk.com, https://ui.adsabs.harvard.edu
      Connection:
      - keep-alive
      Content-Length:
      - '22'
      Content-Type:
      - application/json
      Date:
      - Tue, 17 Jan 2023 14:26:04 GMT
      Set-Cookie: DUMMY
      Vary:
      - Origin
    status:
      code: 200
      message: OK
- request:
    body: null
    headers:
      Accept:
      - '*/*'
      Accept-Encoding:
      - gzip, deflate, br
      Connection:
      - keep-alive
      User-Agent:
      - python-requests/2.28.1
      authorization:
      - DUMMY
    method: GET
    uri: https://api.adsabs.harvard.edu/v1//biblib/libraries/XUj58USqRhGqKqn6JdTNaQ/?start=0
  response:
    body:
      string: '{"documents": [], "solr": {"responseHeader": {"status": 0, "QTime":
        0, "params": {"q": "*:*", "fl": "bibcode,alternate_bibcode", "start": "0",
        "internal_logging_params": "X-Amzn-Trace-Id=Root=1-63c6affc-7fb8bf7402e444da582bb51b",
        "fq": "{!bitset}", "sort": "date desc", "rows": "20", "wt": "json"}}, "response":
        {"numFound": 0, "start": 0, "docs": []}}, "metadata": {"name": "J8O0OPGS08_2",
        "id": "XUj58USqRhGqKqn6JdTNaQ", "description": "My ADS library", "num_documents":
        0, "date_created": "2023-01-17T14:25:58.161108", "date_last_modified": "2023-01-17T14:26:04.491126",
        "permission": "owner", "public": false, "num_users": 1, "owner": "robert.j.farmer37"},
        "updates": {"num_updated": 0, "duplicates_removed": 0, "update_list": []}}

        '
    headers:
      Access-Control-Allow-Credentials:
      - 'true'
      Access-Control-Allow-Headers:
      - Accept, Authorization, Content-Type, Orcid-Authorization, X-BB-Api-Client-Version,
        X-CSRFToken
      Access-Control-Allow-Methods:
      - DELETE, GET, OPTIONS, POST, PUT
      Access-Control-Allow-Origin:
      - http://0.0.0.0:8000, http://adsabs.harvard.edu, http://adsx.cfa.harvard.edu:8888,
        http://hourly.adslabs.org, http://localhost:8000, http://ui.adsabs.harvard.edu,
        http://ui.adslabs.org, https://arxiv.org, https://beta.arxiv.org, https://demo.adsabs.harvard.edu,
        https://dev.adsabs.harvard.edu, https://devui.adsabs.harvard.edu, https://experimental-bumblebee.us-east-1.elasticbeanstalk.com,
        https://prod.adsabs.harvard.edu, https://staging-bumblebee.elasticbeanstalk.com,
        https://staging-bumblebee.us-east-1.elasticbeanstalk.com, https://ui.adsabs.harvard.edu
      Connection:
      - keep-alive
      Content-Length:
      - '736'
      Content-Type:
      - application/json
      Date:
      - Tue, 17 Jan 2023 14:26:05 GMT
      Retry-After:
      - '84796'
      Set-Cookie: DUMMY
      Vary:
      - Origin
      X-RateLimit-Limit:
      - '5000'
      X-RateLimit-Remaining:
      - '4706'
      X-RateLimit-Reset:
      - '1674050362'
    status:
      code: 200
      message: OK
- request:
    body: null
    headers:
      Accept:
      - '*/*'
      Accept-Encoding:
      - gzip, deflate, br
      Connection:
      - keep-alive
      Content-Length:
      - '0'
      User-Agent:
      - python-requests/2.28.1
      authorization:
      - DUMMY
    method: DELETE
    uri: https://api.adsabs.harvard.edu/v1//biblib/documents/XUj58USqRhGqKqn6JdTNaQ
  response:
    body:
      string: '{}

        '
    headers:
      Access-Control-Allow-Credentials:
      - 'true'
      Access-Control-Allow-Headers:
      - Accept, Authorization, Content-Type, Orcid-Authorization, X-BB-Api-Client-Version,
        X-CSRFToken
      Access-Control-Allow-Methods:
      - DELETE, GET, OPTIONS, POST, PUT
      Access-Control-Allow-Origin:
      - http://0.0.0.0:8000, http://adsabs.harvard.edu, http://adsx.cfa.harvard.edu:8888,
        http://hourly.adslabs.org, http://localhost:8000, http://ui.adsabs.harvard.edu,
        http://ui.adslabs.org, https://arxiv.org, https://beta.arxiv.org, https://demo.adsabs.harvard.edu,
        https://dev.adsabs.harvard.edu, https://devui.adsabs.harvard.edu, https://experimental-bumblebee.us-east-1.elasticbeanstalk.com,
        https://prod.adsabs.harvard.edu, https://staging-bumblebee.elasticbeanstalk.com,
        https://staging-bumblebee.us-east-1.elasticbeanstalk.com, https://ui.adsabs.harvard.edu
      Connection:
      - keep-alive
      Content-Length:
      - '3'
      Content-Type:
      - application/json
      Date:
      - Tue, 17 Jan 2023 14:26:05 GMT
      Set-Cookie: DUMMY
      Vary:
      - Origin
    status:
      code: 200
      message: OK
version: 1
